// Jest Snapshot v1, https://goo.gl/fbAQLP

exports[`SearchMemberCard matches snapshot 1`] = `
<div>
  <div
    class="chakra-card css-lgv4hl"
  >
    <div
      class="chakra-card__body css-0"
    >
      <div
        class="css-hsgtjs"
      >
        <span
          class="chakra-avatar css-1ruhx4w"
          data-testid="avatar"
        >
          <div
            aria-label="John Doe"
            class="chakra-avatar__initials css-0"
            role="img"
          >
            JD
          </div>
        </span>
        <div
          class="css-0"
        >
          <p
            class="chakra-text css-t8vhkl"
          >
            John Doe
          </p>
          <p
            class="chakra-text css-1hxe9sv"
          >
            Ministry of Awesome
          </p>
        </div>
      </div>
    </div>
  </div>
</div>
`;
