// Jest Snapshot v1, https://goo.gl/fbAQLP

exports[`Timeline renders the timeline correctly 1`] = `
{
  "asFragment": [Function],
  "baseElement": <body>
    <div>
      <ul
        class="css-1ahh3va"
        role="list"
      >
        <li
          class="css-0"
          data-testid="timeline-element"
        >
          <div
            class="css-k008qs"
          >
            <div
              class="css-0"
            >
              <svg
                class="chakra-icon css-qld8i7"
                fill="currentColor"
                focusable="false"
                height="1em"
                role="presentation"
                stroke="currentColor"
                stroke-width="0"
                viewBox="0 0 512 512"
                width="1em"
                xmlns="http://www.w3.org/2000/svg"
              >
                <path
                  d="M288 39.056v16.659c0 10.804 7.281 20.159 17.686 23.066C383.204 100.434 440 171.518 440 256c0 101.689-82.295 184-184 184-101.689 0-184-82.295-184-184 0-84.47 56.786-155.564 134.312-177.219C216.719 75.874 224 66.517 224 55.712V39.064c0-15.709-14.834-27.153-30.046-23.234C86.603 43.482 7.394 141.206 8.003 257.332c.72 137.052 111.477 246.956 248.531 246.667C393.255 503.711 504 392.788 504 256c0-115.633-79.14-212.779-186.211-240.236C302.678 11.889 288 23.456 288 39.056z"
                />
              </svg>
            </div>
            <span
              class="chakra-text css-g5hezf"
            >
              Lorem ipsum dolor sit amet
              <p
                class="chakra-text css-1fzpds9"
              >
                Mon Apr 25 2022 at 20:30:00
                 by
                <span
                  class="chakra-text font-weight-bold css-0"
                >
                   John Doe
                </span>
              </p>
            </span>
          </div>
        </li>
        <li
          class="css-0"
          data-testid="timeline-element"
        >
          <div
            class="css-k008qs"
          >
            <div
              class="css-0"
            >
              <svg
                class="chakra-icon css-qld8i7"
                fill="currentColor"
                focusable="false"
                height="1em"
                role="presentation"
                stroke="currentColor"
                stroke-width="0"
                viewBox="0 0 512 512"
                width="1em"
                xmlns="http://www.w3.org/2000/svg"
              >
                <path
                  d="M288 39.056v16.659c0 10.804 7.281 20.159 17.686 23.066C383.204 100.434 440 171.518 440 256c0 101.689-82.295 184-184 184-101.689 0-184-82.295-184-184 0-84.47 56.786-155.564 134.312-177.219C216.719 75.874 224 66.517 224 55.712V39.064c0-15.709-14.834-27.153-30.046-23.234C86.603 43.482 7.394 141.206 8.003 257.332c.72 137.052 111.477 246.956 248.531 246.667C393.255 503.711 504 392.788 504 256c0-115.633-79.14-212.779-186.211-240.236C302.678 11.889 288 23.456 288 39.056z"
                />
              </svg>
            </div>
            <span
              class="chakra-text css-g5hezf"
            >
              consectetur adipiscing elit
              <p
                class="chakra-text css-1fzpds9"
              >
                Tue Apr 26 2022 at 08:15:00
                 by
                <span
                  class="chakra-text font-weight-bold css-0"
                >
                   Jane Doe
                </span>
              </p>
            </span>
          </div>
        </li>
      </ul>
    </div>
  </body>,
  "container": <div>
    <ul
      class="css-1ahh3va"
      role="list"
    >
      <li
        class="css-0"
        data-testid="timeline-element"
      >
        <div
          class="css-k008qs"
        >
          <div
            class="css-0"
          >
            <svg
              class="chakra-icon css-qld8i7"
              fill="currentColor"
              focusable="false"
              height="1em"
              role="presentation"
              stroke="currentColor"
              stroke-width="0"
              viewBox="0 0 512 512"
              width="1em"
              xmlns="http://www.w3.org/2000/svg"
            >
              <path
                d="M288 39.056v16.659c0 10.804 7.281 20.159 17.686 23.066C383.204 100.434 440 171.518 440 256c0 101.689-82.295 184-184 184-101.689 0-184-82.295-184-184 0-84.47 56.786-155.564 134.312-177.219C216.719 75.874 224 66.517 224 55.712V39.064c0-15.709-14.834-27.153-30.046-23.234C86.603 43.482 7.394 141.206 8.003 257.332c.72 137.052 111.477 246.956 248.531 246.667C393.255 503.711 504 392.788 504 256c0-115.633-79.14-212.779-186.211-240.236C302.678 11.889 288 23.456 288 39.056z"
              />
            </svg>
          </div>
          <span
            class="chakra-text css-g5hezf"
          >
            Lorem ipsum dolor sit amet
            <p
              class="chakra-text css-1fzpds9"
            >
              Mon Apr 25 2022 at 20:30:00
               by
              <span
                class="chakra-text font-weight-bold css-0"
              >
                 John Doe
              </span>
            </p>
          </span>
        </div>
      </li>
      <li
        class="css-0"
        data-testid="timeline-element"
      >
        <div
          class="css-k008qs"
        >
          <div
            class="css-0"
          >
            <svg
              class="chakra-icon css-qld8i7"
              fill="currentColor"
              focusable="false"
              height="1em"
              role="presentation"
              stroke="currentColor"
              stroke-width="0"
              viewBox="0 0 512 512"
              width="1em"
              xmlns="http://www.w3.org/2000/svg"
            >
              <path
                d="M288 39.056v16.659c0 10.804 7.281 20.159 17.686 23.066C383.204 100.434 440 171.518 440 256c0 101.689-82.295 184-184 184-101.689 0-184-82.295-184-184 0-84.47 56.786-155.564 134.312-177.219C216.719 75.874 224 66.517 224 55.712V39.064c0-15.709-14.834-27.153-30.046-23.234C86.603 43.482 7.394 141.206 8.003 257.332c.72 137.052 111.477 246.956 248.531 246.667C393.255 503.711 504 392.788 504 256c0-115.633-79.14-212.779-186.211-240.236C302.678 11.889 288 23.456 288 39.056z"
              />
            </svg>
          </div>
          <span
            class="chakra-text css-g5hezf"
          >
            consectetur adipiscing elit
            <p
              class="chakra-text css-1fzpds9"
            >
              Tue Apr 26 2022 at 08:15:00
               by
              <span
                class="chakra-text font-weight-bold css-0"
              >
                 Jane Doe
              </span>
            </p>
          </span>
        </div>
      </li>
    </ul>
  </div>,
  "debug": [Function],
  "findAllByAltText": [Function],
  "findAllByDisplayValue": [Function],
  "findAllByLabelText": [Function],
  "findAllByPlaceholderText": [Function],
  "findAllByRole": [Function],
  "findAllByTestId": [Function],
  "findAllByText": [Function],
  "findAllByTitle": [Function],
  "findByAltText": [Function],
  "findByDisplayValue": [Function],
  "findByLabelText": [Function],
  "findByPlaceholderText": [Function],
  "findByRole": [Function],
  "findByTestId": [Function],
  "findByText": [Function],
  "findByTitle": [Function],
  "getAllByAltText": [Function],
  "getAllByDisplayValue": [Function],
  "getAllByLabelText": [Function],
  "getAllByPlaceholderText": [Function],
  "getAllByRole": [Function],
  "getAllByTestId": [Function],
  "getAllByText": [Function],
  "getAllByTitle": [Function],
  "getByAltText": [Function],
  "getByDisplayValue": [Function],
  "getByLabelText": [Function],
  "getByPlaceholderText": [Function],
  "getByRole": [Function],
  "getByTestId": [Function],
  "getByText": [Function],
  "getByTitle": [Function],
  "queryAllByAltText": [Function],
  "queryAllByDisplayValue": [Function],
  "queryAllByLabelText": [Function],
  "queryAllByPlaceholderText": [Function],
  "queryAllByRole": [Function],
  "queryAllByTestId": [Function],
  "queryAllByText": [Function],
  "queryAllByTitle": [Function],
  "queryByAltText": [Function],
  "queryByDisplayValue": [Function],
  "queryByLabelText": [Function],
  "queryByPlaceholderText": [Function],
  "queryByRole": [Function],
  "queryByTestId": [Function],
  "queryByText": [Function],
  "queryByTitle": [Function],
  "rerender": [Function],
  "unmount": [Function],
}
`;
